
> project-tracker@0.1.0 build
> next build

Γû▓ Next.js 16.2.4 (Turbopack)
- Environments: .env.local

  Creating an optimized production build ...
node.exe : 
At line:1 char:1
+ & "C:\Program Files\nodejs/node.exe" "C:\Program Files\nodejs/node_mo ...
+ ~~~~~~~~~~~~~~~~~~~~~~~~~~~~~~~~~~~~~~~~~~~~~~~~~~~~~~~~~~~~~~~~~~~~~
    + CategoryInfo          : NotSpecified: (:String) [], RemoteException
    + FullyQualifiedErrorId : NativeCommandError
 
> Build error occurred
Error: Turbopack build failed with 1 errors:
./components/BonusesClient.tsx:238:86
Unexpected token. Did you mean `{'>'}` or `&gt;`?
  [90m236 |[0m ...[32mext-left font-medium"[0m>[33mProject[0m [33mValue[0m</th>
  [90m237 |[0m ...[32mext-center font-medium bg-yellow-50"[0m>[33mBudget[0m [33mMet[0m (┬▒10%)</th>
[31m[1m>[0m [90m238 |[0m ...[32mext-center font-medium bg-yellow-50"[0m>[33mBeat[0m (>[35m10[0m% under)</th>
  [90m    |[0m                                               [31m[1m^[0m
  [90m239 |[0m ...[32mext-center font-medium"[0m>[33mMax[0m per [33mStage[0m</th>
  [90m240 |[0m ...[32mext-center font-medium"[0m>[33mMax[0m per [33mProject[0m</th>
  [90m241 |[0m ...

Parsing ecmascript source code failed

Import trace:
  Server Component:
    ./components/BonusesClient.tsx
    ./app/bonuses/page.tsx


    at <unknown> (./components/BonusesClient.tsx:238:86)
