
> project-tracker@0.1.0 build
> next build

Γû▓ Next.js 16.2.4 (Turbopack)
- Environments: .env.local

  Creating an optimized production build ...
Γ£ô Compiled successfully in 3.1s
  Running TypeScript ...
  Finished TypeScript in 2.8s ...
  Collecting page data using 23 workers ...
  Generating static pages using 23 workers (0/7) ...
  Generating static pages using 23 workers (1/7) 
  Generating static pages using 23 workers (3/7) 
  Generating static pages using 23 workers (5/7) 
Γ£ô Generating static pages using 23 workers (7/7) in 160ms
  Finalizing page optimization ...

Route (app)
Γöî ╞Æ /
Γö£ Γùï /_not-found
Γö£ ╞Æ /analytics
Γö£ ╞Æ /api/activity
Γö£ ╞Æ /api/alerts
Γö£ ╞Æ /api/auth/[...nextauth]
Γö£ ╞Æ /api/change-orders/[coId]
Γö£ ╞Æ /api/forecast
Γö£ ╞Æ /api/inputs
Γö£ ╞Æ /api/projects
Γö£ ╞Æ /api/projects/[id]
Γö£ ╞Æ /api/projects/[id]/activity
Γö£ ╞Æ /api/projects/[id]/change-orders
Γö£ ╞Æ /api/projects/[id]/comments
Γö£ ╞Æ /api/projects/[id]/import
Γö£ ╞Æ /api/projects/[id]/stage
Γö£ ╞Æ /api/projects/[id]/stages
Γö£ ╞Æ /api/reports
Γö£ ╞Æ /api/search
Γö£ ╞Æ /api/setup-users
Γö£ ╞Æ /api/upload
Γö£ ╞Æ /api/upload/batches
Γö£ ╞Æ /api/upload/batches/[id]
Γö£ ╞Æ /api/upload/batches/[id]/apply
Γö£ ╞Æ /api/upload/batches/[id]/revert
Γö£ ╞Æ /clients
Γö£ ╞Æ /dashboard
Γö£ ╞Æ /forecast
Γö£ ╞Æ /foreman
Γö£ ╞Æ /inputs
Γö£ Γùï /login
Γö£ ╞Æ /report
Γö£ Γùï /signed-out
Γö£ ╞Æ /timeline
Γöö ╞Æ /uploads


╞Æ Proxy (Middleware)

Γùï  (Static)   prerendered as static content
╞Æ  (Dynamic)  server-rendered on demand

