
> project-tracker@0.1.0 build
> next build

Γû▓ Next.js 16.2.4 (Turbopack)
- Environments: .env.local

  Creating an optimized production build ...
Γ£ô Compiled successfully in 3.1s
  Running TypeScript ...
node.exe : Failed to type check.
At line:1 char:1
+ & "C:\Program Files\nodejs/node.exe" "C:\Program Files\nodejs/node_mo ...
+ ~~~~~~~~~~~~~~~~~~~~~~~~~~~~~~~~~~~~~~~~~~~~~~~~~~~~~~~~~~~~~~~~~~~~~
    + CategoryInfo          : NotSpecified: (Failed to type check.:String) [], RemoteException
    + FullyQualifiedErrorId : NativeCommandError
 

./app/page.tsx:183:19
Type error: Type '{ userName: string; totals: { flagged: number; watch: number; onTrack: number; activeProjects: 
number; totalContractValue: any; totalInvoiced: any; upcomingCash: number; avgMatBurn: number; avgHoursVsGoal: number; 
qboDays: number | null; }; flaggedList: { ...; }[]; upcomingMilestones: { ...; }[]; recentActivity: unk...' is not 
assignable to type 'HomeData'.
  Types of property 'recentActivity' are incompatible.
    Type 'unknown[]' is not assignable to type '{ id: number; user_name: string; action: string; details: string | 
null; created_at: string; project_name: string; }[]'.
      Type 'unknown' is not assignable to type '{ id: number; user_name: string; action: string; details: string | 
null; created_at: string; project_name: string; }'.

  [90m181 |[0m     <div className=[32m"min-h-screen flex flex-col bg-gray-50"[0m>
  [90m182 |[0m       <[33mNavbar[0m userName={session.user?.name ?? [32m"Admin"[0m} role={role} 
userEmail={session.use...
[31m[1m>[0m [90m183 |[0m       <[33mHomeClient[0m data={data} />
  [90m    |[0m                   [31m[1m^[0m
  [90m184 |[0m     </div>
  [90m185 |[0m   );
  [90m186 |[0m }
Next.js build worker exited with code: 1 and signal: null
