
> project-tracker@0.1.0 build
> next build

Γû▓ Next.js 16.2.4 (Turbopack)
- Environments: .env.local

  Creating an optimized production build ...
Γ£ô Compiled successfully in 3.5s
  Running TypeScript ...
  Finished TypeScript in 3.2s ...
  Collecting page data using 23 workers ...
  Generating static pages using 23 workers (0/8) ...
  Generating static pages using 23 workers (2/8) 
node.exe : Γ¿» useSearchParams() should be wrapped in a suspense boundary at page "/login". Read more: 
https://nextjs.org/docs/messages/missing-suspense-with-csr-bailout
At line:1 char:1
+ & "C:\Program Files\nodejs/node.exe" "C:\Program Files\nodejs/node_mo ...
+ ~~~~~~~~~~~~~~~~~~~~~~~~~~~~~~~~~~~~~~~~~~~~~~~~~~~~~~~~~~~~~~~~~~~~~
    + CategoryInfo          : NotSpecified: (Γ¿» useSearchPa...ith-csr-bailout:String) [], RemoteException
    + FullyQualifiedErrorId : NativeCommandError
 
    at S (C:\Users\rafar\TWE PROJECTS\project-tracker\.next\server\chunks\ssr\node_modules_0ropu_p._.js:3:2692)
    at r (C:\Users\rafar\TWE PROJECTS\project-tracker\.next\server\chunks\ssr\node_modules_0ropu_p._.js:5:6760)
    at C:\Users\rafar\TWE PROJECTS\project-tracker\.next\server\chunks\ssr\_0a6aaj7._.js:1:2484
    at an (C:\Users\rafar\TWE 
PROJECTS\project-tracker\node_modules\next\dist\compiled\next-server\app-page-turbo.runtime.prod.js:2:84267)
    at ai (C:\Users\rafar\TWE 
PROJECTS\project-tracker\node_modules\next\dist\compiled\next-server\app-page-turbo.runtime.prod.js:2:86086)
    at al (C:\Users\rafar\TWE 
PROJECTS\project-tracker\node_modules\next\dist\compiled\next-server\app-page-turbo.runtime.prod.js:2:107860)
    at ao (C:\Users\rafar\TWE 
PROJECTS\project-tracker\node_modules\next\dist\compiled\next-server\app-page-turbo.runtime.prod.js:2:105275)
    at aa (C:\Users\rafar\TWE 
PROJECTS\project-tracker\node_modules\next\dist\compiled\next-server\app-page-turbo.runtime.prod.js:2:84619)
    at ai (C:\Users\rafar\TWE 
PROJECTS\project-tracker\node_modules\next\dist\compiled\next-server\app-page-turbo.runtime.prod.js:2:86135)
    at ai (C:\Users\rafar\TWE 
PROJECTS\project-tracker\node_modules\next\dist\compiled\next-server\app-page-turbo.runtime.prod.js:2:104615)
Error occurred prerendering page "/login". Read more: https://nextjs.org/docs/messages/prerender-error
Export encountered an error on /login/page: /login, exiting the build.
Γ¿» Next.js build worker exited with code: 1 and signal: null
